
> frontend@0.1.0 dev
> next dev

   ▲ Next.js 15.5.19
   - Local:        http://localhost:3000
   - Network:      http://172.26.208.1:3000
   - Environments: .env.local, .env

 ✓ Starting...
 ✓ Ready in 5.5s
 ○ Compiling /middleware ...
 ✓ Compiled /middleware in 548ms (233 modules)
 ○ Compiling /login ...
 ✓ Compiled /login in 2.6s (1146 modules)
 GET /login 200 in 3910ms
 ○ Compiling /api/auth/[...nextauth] ...
 ✓ Compiled /api/auth/[...nextauth] in 1505ms (1151 modules)
 GET /api/auth/providers 200 in 2771ms
 GET /api/auth/providers 200 in 28ms
 GET /login 200 in 928ms
 ○ Compiling /icon.svg ...
 ✓ Compiled /api/auth/[...nextauth] in 1423ms (735 modules)
 ✓ Compiled (737 modules)
 GET /icon.svg?7f1354e7fd5cc7e3 200 in 2680ms
 GET /api/auth/session 200 in 2075ms
 GET /api/auth/session 200 in 60ms
 GET /api/auth/session 200 in 66ms
 GET /api/auth/providers 200 in 79ms
 GET /api/auth/csrf 200 in 59ms
 POST /api/auth/callback/credentials? 200 in 397ms
 GET /api/auth/session 200 in 84ms
 ○ Compiling / ...
 ✓ Compiled / in 9.7s (1169 modules)
 GET / 307 in 12032ms
 ✓ Compiled in 2.3s (430 modules)
 GET /login 200 in 1185ms
 GET /login 307 in 1790ms
 ○ Compiling /employee ...
 GET /login 200 in 1128ms
 ✓ Compiled /favicon.ico in 10s (2418 modules)
 GET /favicon.ico 200 in 9427ms
 GET /icon.svg?7f1354e7fd5cc7e3 200 in 9506ms
 GET /employee 200 in 11714ms
 GET /employee 200 in 13615ms
 GET /employee 200 in 230ms
 GET /api/auth/session 200 in 102ms
 GET /api/auth/session 200 in 56ms
 GET /api/auth/session 200 in 56ms
 GET /api/auth/session 200 in 59ms
 GET /api/auth/session 200 in 62ms
 GET /api/auth/session 200 in 70ms
 GET /api/auth/session 200 in 75ms
 GET /api/auth/session 200 in 64ms
 GET /api/auth/session 200 in 63ms
 GET /api/auth/session 200 in 50ms
 GET /api/auth/session 200 in 120ms
 GET /api/auth/session 200 in 50ms
 GET /api/auth/session 200 in 86ms
 GET /api/auth/session 200 in 79ms
 GET /api/auth/session 200 in 83ms
 GET /api/auth/session 200 in 83ms
 GET /api/auth/session 200 in 83ms
 GET /api/auth/session 200 in 97ms
 GET /api/auth/session 200 in 86ms
 GET /api/auth/session 200 in 97ms
 GET /api/auth/session 200 in 92ms
 GET /api/auth/session 200 in 123ms
 GET /api/auth/session 200 in 91ms
 GET /api/auth/session 200 in 96ms
 GET /api/auth/session 200 in 76ms
 GET /api/auth/session 200 in 78ms
 GET /api/auth/session 200 in 67ms
 GET /api/auth/session 200 in 100ms
 GET /api/auth/session 200 in 53ms
 GET /api/auth/session 200 in 54ms
 GET /api/auth/session 200 in 54ms
 GET /api/auth/csrf 200 in 67ms
 GET /api/auth/csrf 200 in 60ms
 POST /api/auth/signout 200 in 88ms
 POST /api/auth/signout 200 in 40ms
 GET /login 200 in 469ms
 GET /api/auth/session 200 in 81ms
 GET /api/auth/session 200 in 58ms
 GET /api/auth/providers 200 in 97ms
 GET /api/auth/csrf 200 in 67ms
 POST /api/auth/signin/microsoft-entra-id? 200 in 638ms
 ○ Compiling / ...
 GET / 200 in 1253ms
 GET /api/auth/session 200 in 2132ms
 GET /login 200 in 3139ms
 GET /login 200 in 241ms
 GET /api/auth/session 200 in 86ms
 GET /api/auth/session 200 in 78ms
 GET /api/auth/providers 200 in 109ms
 GET /api/auth/csrf 200 in 78ms
 POST /api/auth/signin/microsoft-entra-id? 200 in 582ms
 GET / 200 in 767ms
 GET /api/auth/session 200 in 269ms
 GET /api/auth/session 200 in 61ms
 GET /api/auth/session 200 in 312ms
 GET /login 200 in 493ms
 GET /api/auth/session 200 in 117ms
 GET /api/auth/session 200 in 52ms
 GET /api/auth/providers 200 in 132ms
 GET /api/auth/csrf 200 in 57ms
 POST /api/auth/signin/microsoft-entra-id? 200 in 738ms
 GET / 200 in 206ms
 GET /api/auth/session 200 in 76ms
 GET /login 200 in 192ms
 GET /api/auth/session 200 in 35ms
